// Jest Snapshot v1, https://goo.gl/fbAQLP

exports[`This will test MyComponent renders correctly 1`] = `
<div>
  <h1
    class="sc-bdvvaa kNZsls"
  >
    Hi 
    Alejandro Roman
    !
  </h1>
</div>
`;
